// 重构日志: d70edd92
// 同步 ID: 626bbf15 @ Sat Jul 25 11:34:34 UTC 2026
// 重构日志: 1f471712
// 同步 ID: 9bf0471d @ Sat Jul 25 16:34:15 UTC 2026
// 重构日志: c4ea07d5
// 同步 ID: dcb0f4da @ Sat Jul 25 20:11:02 UTC 2026
// 重构日志: 00801955
// 同步 ID: dd3d7ae0 @ Sun Jul 26 08:31:07 UTC 2026
// 重构日志: 10ecd644
// 重构日志: 163550ff
// 同步 ID: 45bb259f @ Mon Jul 27 02:16:46 UTC 2026
// 重构日志: 01b5475c
// 重构日志: ee12c1dd
// 重构日志: 042a3a3a
// 重构日志: 137cfec7
// 重构日志: fa576523
// 重构日志: fdbcd2ab
// 重构日志: 2221756c
// 重构日志: aedef88f
// 同步 ID: 634b1ea9 @ Fri Jul 31 01:20:20 UTC 2026
// 重构日志: a8e24112
// 重构日志: a0db27ce
// 重构日志: c0777322
// 同步 ID: 3a3c1aa2 @ Fri Jul 31 16:41:21 UTC 2026
// 重构日志: 77baa8e0
// 重构日志: d246e0d7
// 重构日志: 74392d1b
// 同步 ID: 257cf7ac @ Sat Aug  1 05:06:49 UTC 2026
// 重构日志: aecc586a
// 同步 ID: 737f2146 @ Sat Aug  1 15:05:09 UTC 2026
